囲碁 — i18n verification
keys: 56   locales: 5
  [ja] 日本語        56/56  OK
  [ko] 한국어        56/56  OK
  [zh] 中文          56/56  OK
  [en] English       56/56  OK
  [es] Español       56/56  OK
composed messages
  [ja] 九路盤 · 十九路盤
  [ko] 9줄 바둑판 · 19줄 바둑판
  [zh] 九路棋盘 · 十九路棋盘
  [en] 9×9 · 19×19
  [es] 9×9 · 19×19
instrument keys: 52   locales: 3
  [ja] 道具          52/52  OK
  [en] 道具          52/52  OK
  [es] 道具          52/52  OK
PASS — every key resolves in every locale
